<?xml version="1.0" encoding="utf-8"?>
<TestRun id="48b3b8c3-952e-41ff-991a-e77abef1efc6" name="WouterF@ISNL-H1STN44 2025-03-20 21:19:29" runUser="CRONOS\WouterF" xmlns="http://microsoft.com/schemas/VisualStudio/TeamTest/2010">
  <Times creation="2025-03-20T21:19:29.3882384+01:00" queuing="2025-03-20T21:19:29.3882388+01:00" start="2025-03-20T21:19:28.0155326+01:00" finish="2025-03-20T21:19:29.4024257+01:00" />
  <TestSettings name="default" id="87d09d62-6a2e-4a9a-bb22-30d8056b9807">
    <Deployment runDeploymentRoot="WouterF_ISNL-H1STN44_2025-03-20_21_19_29" />
  </TestSettings>
  <Results>
    <UnitTestResult executionId="74c4f79e-d0e3-4b05-b0a9-f4bbbf2953c2" testId="32108d61-e529-7894-b3b2-dd24397c2304" testName="GenerateRandomString_ShouldReturnNonEmptyString" computerName="ISNL-H1STN44" duration="00:00:00.0378717" startTime="2025-03-20T21:19:29.1480585+01:00" endTime="2025-03-20T21:19:29.2038109+01:00" testType="13cdc9d9-ddb5-4fa4-a97d-d965ccfc6d4b" outcome="Passed" testListId="8c84fa94-04c1-424b-9868-57a2d4851a1d" relativeResultsDirectory="74c4f79e-d0e3-4b05-b0a9-f4bbbf2953c2" />
    <UnitTestResult executionId="4ed7b727-673a-40bc-8543-764fdb8f17c5" testId="4e9f506f-f995-363d-2188-fd961d19c2ae" testName="GenerateRandomString_ShouldReturnUniqueStrings" computerName="ISNL-H1STN44" duration="00:00:00.0007485" startTime="2025-03-20T21:19:29.2116297+01:00" endTime="2025-03-20T21:19:29.2138024+01:00" testType="13cdc9d9-ddb5-4fa4-a97d-d965ccfc6d4b" outcome="Passed" testListId="8c84fa94-04c1-424b-9868-57a2d4851a1d" relativeResultsDirectory="4ed7b727-673a-40bc-8543-764fdb8f17c5" />
  </Results>
  <TestDefinitions>
    <UnitTest name="GenerateRandomString_ShouldReturnNonEmptyString" storage="c:\users\wouterf\git\timeforcode\tst\authorization\timeforcode.authorization.infrastructure.tests\bin\debug\net8.0\timeforcode.authorization.infrastructure.tests.dll" id="32108d61-e529-7894-b3b2-dd24397c2304">
      <Execution id="74c4f79e-d0e3-4b05-b0a9-f4bbbf2953c2" />
      <TestMethod codeBase="C:\Users\WouterF\Git\TimeForCode\tst\Authorization\TimeForCode.Authorization.Infrastructure.Tests\bin\Debug\net8.0\TimeForCode.Authorization.Infrastructure.Tests.dll" adapterTypeName="executor://mstestadapter/v2" className="TimeForCode.Authorization.Infrastructure.Tests.Services.RandomGeneratorTests" name="GenerateRandomString_ShouldReturnNonEmptyString" />
    </UnitTest>
    <UnitTest name="GenerateRandomString_ShouldReturnUniqueStrings" storage="c:\users\wouterf\git\timeforcode\tst\authorization\timeforcode.authorization.infrastructure.tests\bin\debug\net8.0\timeforcode.authorization.infrastructure.tests.dll" id="4e9f506f-f995-363d-2188-fd961d19c2ae">
      <Execution id="4ed7b727-673a-40bc-8543-764fdb8f17c5" />
      <TestMethod codeBase="C:\Users\WouterF\Git\TimeForCode\tst\Authorization\TimeForCode.Authorization.Infrastructure.Tests\bin\Debug\net8.0\TimeForCode.Authorization.Infrastructure.Tests.dll" adapterTypeName="executor://mstestadapter/v2" className="TimeForCode.Authorization.Infrastructure.Tests.Services.RandomGeneratorTests" name="GenerateRandomString_ShouldReturnUniqueStrings" />
    </UnitTest>
  </TestDefinitions>
  <TestEntries>
    <TestEntry testId="32108d61-e529-7894-b3b2-dd24397c2304" executionId="74c4f79e-d0e3-4b05-b0a9-f4bbbf2953c2" testListId="8c84fa94-04c1-424b-9868-57a2d4851a1d" />
    <TestEntry testId="4e9f506f-f995-363d-2188-fd961d19c2ae" executionId="4ed7b727-673a-40bc-8543-764fdb8f17c5" testListId="8c84fa94-04c1-424b-9868-57a2d4851a1d" />
  </TestEntries>
  <TestLists>
    <TestList name="Results Not in a List" id="8c84fa94-04c1-424b-9868-57a2d4851a1d" />
    <TestList name="All Loaded Results" id="19431567-8539-422a-85d7-44ee4e166bda" />
  </TestLists>
  <ResultSummary outcome="Completed">
    <Counters total="2" executed="2" passed="2" failed="0" error="0" timeout="0" aborted="0" inconclusive="0" passedButRunAborted="0" notRunnable="0" notExecuted="0" disconnected="0" warning="0" completed="0" inProgress="0" pending="0" />
    <CollectorDataEntries>
      <Collector agentName="ISNL-H1STN44" uri="datacollector://microsoft/CodeCoverage/2.0" collectorDisplayName="Code Coverage">
        <UriAttachments>
          <UriAttachment>
            <A href="ISNL-H1STN44\WouterF_ISNL-H1STN44_2025-03-20.21_19_29.xml"></A>
          </UriAttachment>
        </UriAttachments>
      </Collector>
    </CollectorDataEntries>
  </ResultSummary>
</TestRun>